I'm sorry, but errors were detected in your script. Please correct the
errors listed below, and try again.


File "game/screens.rpy", line 1157: Tab characters are not allowed in Ren'Py scripts.

Ren'Py Version: Ren'Py 7.4.11.2266
Fri May 20 14:50:04 2022
